../
./
buf.h
conf.h
conf/
conf/../
conf/./
conf/conf.c
conf/low.s
conf/mch.s
conf/mkconf.c
conf/flrc
conf/tmrc
dmr/
dmr/../
dmr/./
dmr/bio.c
dmr/cat.c
dmr/dc.c
dmr/dh.c
dmr/dhdm.c
dmr/dhfdm.c
dmr/dn.c
dmr/dp.c
dmr/kl.c
dmr/lp.c
dmr/mem.c
dmr/partab.c
dmr/pc.c
dmr/rf.c
dmr/rk.c
dmr/rp.c
dmr/tc.c
dmr/tm.c
dmr/tty.c
dmr/vs.c
dmr/vt.c
file.h
filsys.h
inode.h
ken/
ken/../
ken/./
ken/alloc.c
ken/clock.c
ken/fio.c
ken/iget.c
ken/main.c
ken/malloc.c
ken/nami.c
ken/pipe.c
ken/prf.c
ken/rdwri.c
ken/sig.c
ken/slp.c
ken/subr.c
ken/sys1.c
ken/sys2.c
ken/sys3.c
ken/sys4.c
ken/sysent.c
ken/text.c
ken/trap.c
ld
lib1
lib2
param.h
proc.h
reg.h
seg.h
systm.h
text.h
tty.h
mch.o
low.o
conf.o
user.h
mem.o
